---
source: shin-core/src/format/save/crypto.rs
expression: "decode_once(&data, key)"
---
"950bc30c0dc7ed3793"
