---
source: shin-core/src/format/save/crypto.rs
expression: "decode_once(&data, key)"
---
"20103e68e00d3a789ec6b2173036"
