---
source: shin-core/src/format/save/crypto.rs
expression: "decode_once(&data, key)"
---
"fe3d10b0183dc708"
