---
source: shin-core/src/format/save/crypto.rs
expression: "decode_once(&data, key)"
---
"9b9a387c3c46e7"
