---
source: shin-core/src/format/save/crypto.rs
expression: "decode_once(&data, key)"
---
"8560fbe227f47c5841b1a4c9576e7f70622534"
