---
source: shin-core/src/format/save/crypto.rs
expression: "decode_once(&data, key)"
---
"d067b84c9b6f508b"
