---
source: shin-core/src/format/save/crypto.rs
expression: "decode_once(&data, key)"
---
"754b3227cb8ae1fa25"
