---
source: shin-core/src/format/save/crc32.rs
expression: "crc32(&[], 0)"
---
0
