---
source: shin-core/src/format/save/crypto.rs
expression: "decode_once(&data, key)"
---
"745e27b3f0ce95eb"
