---
source: shin-core/src/format/save/crypto.rs
expression: "decode_once(&data, key)"
---
"a948e58df723211d82a89c9e"
