---
source: shin-core/src/format/save/crc32.rs
expression: "crc32(&data, init)"
---
3818974355
