---
source: shin-core/src/format/save/crypto.rs
expression: "decode_once(&data, key)"
---
"34dfee79e10c5ea9cfeca3"
