---
source: shin-core/src/format/save/crypto.rs
expression: "decode_once(&data, key)"
---
"6eddb340e55f060c"
