---
source: shin-core/src/format/save/crypto.rs
expression: "decode_once(&data, key)"
---
"b3e748fd6993c9f61b61eb4076914d"
