---
source: shin-core/src/format/save/crypto.rs
expression: "decode_once(&data, key)"
---
"13a70e244c256c5b830bd25b5cbc"
