---
source: shin-core/src/format/save/crypto.rs
expression: "decode_once(&data, key)"
---
"fa33e331a1d833dffd"
