---
source: shin-core/src/format/save/crypto.rs
expression: "decode_once(&data, key)"
---
"e5cbbf578d888a93cbda391179"
