---
source: shin-core/src/format/save/crypto.rs
expression: "decode_once(&data, key)"
---
"46ffb25e3b8a69f48eab8206e79b"
