---
source: shin-core/src/format/save/crypto.rs
expression: "decode_once(&data, key)"
---
"373940d72dd245722962795b018c5b"
