---
source: shin-core/src/format/save/crypto.rs
expression: "decode_once(&data, key)"
---
"f2b53b98e96a216d9ffc783829c1a1c9"
