---
source: shin-core/src/format/save/crypto.rs
expression: "decode_once(&data, key)"
---
"ce6702c0963ea93601c4cae31b62"
