---
source: shin-core/src/format/save/crypto.rs
expression: "decode_once(&data, key)"
---
"a106a99e9ca865"
