---
source: shin-core/src/format/save/crypto.rs
expression: "decode_once(&data, key)"
---
"2c5016d09d"
