---
source: shin-core/src/format/save/crypto.rs
expression: "decode_once(&data, key)"
---
"4eab2fad6ca7"
