---
source: shin-core/src/format/save/crypto.rs
expression: "decode_once(&data, key)"
---
"4a2abc348236f3303a71dbe56783"
