---
source: shin-core/src/format/save/crypto.rs
expression: "decode_once(&data, key)"
---
"3fd4b5343c"
