---
source: shin-core/src/format/save/crypto.rs
expression: "decode_once(&data, key)"
---
"f88fa116d64ae796d39a9f15697dc1"
