---
source: shin-core/src/format/save/crypto.rs
expression: "decode_once(&data, key)"
---
"56fc67f95c6d3934dbefcd5be7"
