---
source: shin-core/src/format/save/crypto.rs
expression: "decode_once(&data, key)"
---
"d686846b4db28307"
