---
source: shin-core/src/format/save/crypto.rs
expression: "decode_once(&data, key)"
---
"2b51f91e6b"
