---
source: shin-core/src/format/save/crypto.rs
expression: "decode_once(&data, key)"
---
"b2f3833b0a6b577f7c6505bc"
