---
source: shin-core/src/format/save/crypto.rs
expression: "decode_once(&data, key)"
---
"2fead823cf"
