---
source: shin-core/src/format/save/crypto.rs
expression: "decode_once(&data, key)"
---
"bce002a0f497c6fad7665eb67ade4e3b"
