---
source: shin-core/src/format/save/crypto.rs
expression: "decode_once(&data, key)"
---
"6dd0e8ec905b9046"
