---
source: shin-core/src/format/save/crypto.rs
expression: "decode_once(&data, key)"
---
"9a90883bd055826a5d9f"
