---
source: shin-core/src/format/save/crc32.rs
expression: "crc32(&data, init)"
---
2541333642
